// Jest Snapshot v1, https://goo.gl/fbAQLP

exports[`Switch should apply active color to loading icon 1`] = `"<div class=\\"rc-switch__loading rc-loading rc-loading--circular\\"><span class=\\"rc-loading__spinner rc-loading__spinner--circular\\"><svg class=\\"rc-loading__circular\\" viewBox=\\"25 25 50 50\\"><circle cx=\\"50\\" cy=\\"50\\" r=\\"20\\" fill=\\"none\\"></circle></svg></span></div>"`;
