// Jest Snapshot v1, https://goo.gl/fbAQLP

exports[`renders ./src/button/demo/index.tsx correctly 1`] = `
Array [
  <div
    class="demo-button-row"
  >
    <button
      class="rc-button rc-button--primary rc-button--normal"
    >
      <div
        class="rc-button__content"
      >
        <span
          class="rc-button__text"
        >
          主要按钮
        </span>
      </div>
    </button>
    <button
      class="rc-button rc-button--info rc-button--normal"
    >
      <div
        class="rc-button__content"
      >
        <span
          class="rc-button__text"
        >
          信息按钮
        </span>
      </div>
    </button>
    <button
      class="rc-button rc-button--default rc-button--normal"
    >
      <div
        class="rc-button__content"
      >
        <span
          class="rc-button__text"
        >
          默认按钮
        </span>
      </div>
    </button>
  </div>,
  <button
    class="rc-button rc-button--warning rc-button--normal"
  >
    <div
      class="rc-button__content"
    >
      <span
        class="rc-button__text"
      >
        警告按钮
      </span>
    </div>
  </button>,
  <button
    class="rc-button rc-button--danger rc-button--normal"
  >
    <div
      class="rc-button__content"
    >
      <span
        class="rc-button__text"
      >
        危险按钮
      </span>
    </div>
  </button>,
  <button
    class="rc-button rc-button--primary rc-button--normal rc-button--plain"
  >
    <div
      class="rc-button__content"
    >
      <span
        class="rc-button__text"
      >
        朴素按钮
      </span>
    </div>
  </button>,
  <button
    class="rc-button rc-button--info rc-button--normal rc-button--plain"
  >
    <div
      class="rc-button__content"
    >
      <span
        class="rc-button__text"
      >
        朴素按钮
      </span>
    </div>
  </button>,
  <button
    class="rc-button rc-button--primary rc-button--normal rc-button--plain rc-button--hairline rc-hairline--surround"
  >
    <div
      class="rc-button__content"
    >
      <span
        class="rc-button__text"
      >
        细边框按钮
      </span>
    </div>
  </button>,
  <button
    class="rc-button rc-button--info rc-button--normal rc-button--plain rc-button--hairline rc-hairline--surround"
  >
    <div
      class="rc-button__content"
    >
      <span
        class="rc-button__text"
      >
        细边框按钮
      </span>
    </div>
  </button>,
  <button
    class="rc-button rc-button--primary rc-button--normal rc-button--disabled"
    disabled=""
  >
    <div
      class="rc-button__content"
    >
      <span
        class="rc-button__text"
      >
        禁用状态
      </span>
    </div>
  </button>,
  <button
    class="rc-button rc-button--info rc-button--normal rc-button--disabled"
    disabled=""
  >
    <div
      class="rc-button__content"
    >
      <span
        class="rc-button__text"
      >
        禁用状态
      </span>
    </div>
  </button>,
  <button
    class="rc-button rc-button--primary rc-button--normal rc-button--loading"
  >
    <div
      class="rc-button__content"
    >
      <div
        class="rc-button__loading rc-loading rc-loading--circular"
      >
        <span
          class="rc-loading__spinner rc-loading__spinner--circular"
          style="color:;width:20px;height:20px"
        >
          <svg
            class="rc-loading__circular"
            viewBox="25 25 50 50"
          >
            <circle
              cx="50"
              cy="50"
              fill="none"
              r="20"
            />
          </svg>
        </span>
      </div>
    </div>
  </button>,
  <button
    class="rc-button rc-button--primary rc-button--normal rc-button--loading"
  >
    <div
      class="rc-button__content"
    >
      <div
        class="rc-button__loading rc-loading rc-loading--spinner"
      >
        <span
          class="rc-loading__spinner rc-loading__spinner--spinner"
          style="color:;width:20px;height:20px"
        >
          <i />
          <i />
          <i />
          <i />
          <i />
          <i />
          <i />
          <i />
          <i />
          <i />
          <i />
          <i />
        </span>
      </div>
    </div>
  </button>,
  <button
    class="rc-button rc-button--info rc-button--normal rc-button--loading"
  >
    <div
      class="rc-button__content"
    >
      <div
        class="rc-button__loading rc-loading rc-loading--circular"
      >
        <span
          class="rc-loading__spinner rc-loading__spinner--circular"
          style="color:;width:20px;height:20px"
        >
          <svg
            class="rc-loading__circular"
            viewBox="25 25 50 50"
          >
            <circle
              cx="50"
              cy="50"
              fill="none"
              r="20"
            />
          </svg>
        </span>
      </div>
      <span
        class="rc-button__text"
      >
        加载中...
      </span>
    </div>
  </button>,
  <button
    class="rc-button rc-button--primary rc-button--normal rc-button--square"
  >
    <div
      class="rc-button__content"
    >
      <span
        class="rc-button__text"
      >
        方形按钮
      </span>
    </div>
  </button>,
  <button
    class="rc-button rc-button--info rc-button--normal rc-button--round"
  >
    <div
      class="rc-button__content"
    >
      <span
        class="rc-button__text"
      >
        圆形按钮
      </span>
    </div>
  </button>,
  <button
    class="rc-button rc-button--primary rc-button--normal"
  >
    <div
      class="rc-button__content"
    >
      <i
        class="rc-badge__wrapper rc-button__icon van-icon van-icon-plus"
      />
    </div>
  </button>,
  <button
    class="rc-button rc-button--primary rc-button--normal"
  >
    <div
      class="rc-button__content"
    >
      <i
        class="rc-badge__wrapper rc-button__icon van-icon van-icon-plus"
      />
      <span
        class="rc-button__text"
      >
        按钮
      </span>
    </div>
  </button>,
  <button
    class="rc-button rc-button--primary rc-button--normal rc-button--plain"
  >
    <div
      class="rc-button__content"
    >
      <i
        class="rc-badge__wrapper rc-button__icon van-icon"
      >
        <img
          alt="https://img.yzcdn.cn/vant/user-active.png"
          class="van-icon__image"
          src="https://img.yzcdn.cn/vant/user-active.png"
        />
      </i>
      <span
        class="rc-button__text"
      >
        按钮
      </span>
    </div>
  </button>,
  <button
    class="rc-button rc-button--primary rc-button--large"
  >
    <div
      class="rc-button__content"
    >
      <span
        class="rc-button__text"
      >
        大号按钮
      </span>
    </div>
  </button>,
  <button
    class="rc-button rc-button--primary rc-button--normal"
  >
    <div
      class="rc-button__content"
    >
      <span
        class="rc-button__text"
      >
        普通按钮
      </span>
    </div>
  </button>,
  <button
    class="rc-button rc-button--primary rc-button--small"
  >
    <div
      class="rc-button__content"
    >
      <span
        class="rc-button__text"
      >
        小型按钮
      </span>
    </div>
  </button>,
  <button
    class="rc-button rc-button--primary rc-button--mini"
  >
    <div
      class="rc-button__content"
    >
      <span
        class="rc-button__text"
      >
        迷你按钮
      </span>
    </div>
  </button>,
  <button
    class="rc-button rc-button--primary rc-button--normal rc-button--block rc-button--round"
  >
    <div
      class="rc-button__content"
    >
      <span
        class="rc-button__text"
      >
        块级元素
      </span>
    </div>
  </button>,
  <button
    class="rc-button rc-button--primary rc-button--normal rc-button--block rc-button--shadow rc-button--shadow-1"
  >
    <div
      class="rc-button__content"
    >
      <span
        class="rc-button__text"
      >
        阴影按钮
      </span>
    </div>
  </button>,
  <button
    class="rc-button rc-button--default rc-button--normal"
    style="color:#fff;background:#7232dd;border-color:#7232dd"
  >
    <div
      class="rc-button__content"
    >
      <span
        class="rc-button__text"
      >
        单色按钮
      </span>
    </div>
  </button>,
  <button
    class="rc-button rc-button--default rc-button--normal rc-button--plain"
    style="color:#7232dd;border-color:#7232dd"
  >
    <div
      class="rc-button__content"
    >
      <span
        class="rc-button__text"
      >
        单色按钮
      </span>
    </div>
  </button>,
  <button
    class="rc-button rc-button--default rc-button--normal"
    style="color:#fff;background:linear-gradient(to right, #ff6034, #ee0a24);border:0"
  >
    <div
      class="rc-button__content"
    >
      <span
        class="rc-button__text"
      >
        渐变色按钮
      </span>
    </div>
  </button>,
  <div
    class="rc-button-group"
  >
    <button
      class="rc-button rc-button--default rc-button--normal rc-button--block"
    >
      <div
        class="rc-button__content"
      >
        <span
          class="rc-button__text"
        >
          上一步
        </span>
      </div>
    </button>
    <button
      class="rc-button rc-button--primary rc-button--normal rc-button--block"
    >
      <div
        class="rc-button__content"
      >
        <span
          class="rc-button__text"
        >
          下一步
        </span>
      </div>
    </button>
  </div>,
]
`;
