// Jest Snapshot v1, https://goo.gl/fbAQLP

exports[`Collapse should render CollapseItem correctly 1`] = `undefined`;
